ABDOMEN_FETAL 
brain 
BRAIN 
BRAIN_MRI 
BRAIN_ROUTINE 
BRAIN_ROUTINE___ALPHABETICAL 
C_MRI_BRAIN_WITHOUT_CONTR 
CT_Head_w_o_Contrast 
MGH_QA 
MR_Abdomen_w_o_Contrast 
MR_Abdomen_w____w_o_Contrast 
MRAHEDWO_3D 
MR_Angiogram_Head_w_o_Contrast 
MR_Brain 
MR_Brain___Angiography_w_o_Contrast 
MR_Brain_Intraoperative_w_o_Contrast 
MR_Brain_Intraoperative_w__w_o_Contrast 
MR_Brain_w__Contrast 
MR_Brain_w_o_Contrast 
MR_Brain_w_o_Contrast___Spectroscopy 
MR_Brain_w__w_o___Angiography_w_o_Contr 
MR_Brain_w____w_o_Contrast 
MR_Brain_w__w_o_Contrast___Spectroscopy 
MRBRN_ 
MRBRN__MAN 
MRBRN__PED_MAN 
MRBRN__PED_SED 
MRBRN__SED 
MR_EI_Fetal_Neuro 
MR_EI_Neuro 
MR_Fetal_Body_Indications 
MR_Fetal_Neuro_Indications 
MR_Functional_Imaging_Non_MD_30_Min 
MR_Functional_Imaging_Non_MD_60_Min 
MR_Functional_Imaging_Non_MD_90__Min 
MR_Functional_Imaging_Non_MD_90_Min 
MRIABLI_NRB 
MRI_BRAIN_C_SPINE 
MRI_BRAIN_WITHOUT_CONTRAST 
MRI_BRAIN_WWO_CONTRAST 
MRIBRNLI_NRB 
MRIBRNWO 
MRI_CERV_SPINE_WO_CONTR 
MRI_FETAL 
MRIKIDWWO 
MRI_LUMBAR_SPINE_WO_CONTR 
MRI_NEUROCONSULT_FOR_FETAL_MR 
MRI_ORBIT_FACE_NECK_WO_CONTR 
MRI_ORBIT_FACE_NECK_WWO_CONTR 
MRI_SPECTROSCOPY 
MRI_UPPER_EXTREMITY_WO_CONTR 
MR_Joint_Upper_Extremity_w_o_Contr_Left 
MR_Joint_Upper_Extr_w____w_o_Contr_Left 
MRKID__MAN 
MR_Lower_Extremity_w_o_Contr_Bilateral 
MR_Lumbar_Spine_w_o_Contrast 
MR_Neurofunction_Test_by_MD 
MR_Outside_MRI_Images_on_PACS 
MR_PELVIS 
MR_Report_for_Uncharged_Body_MRI 
MR_Report_for_Uncharged_Neuro_MRI 
MR_Research_Project 
MR_Thoracic_Spine_w____w_o_Contrast 
Non_Diagnostic_Images 
NoStudyDescription 
OR_NEURO_BRAIN 
OUTSIDE_MRI_IMAGES_ON_PACS 
PED_BRAIN 
RESEARCH_BRAIN 
WAL_MRI_BRAIN_WO_CONTRAST 
WAL_MRI_BRAIN_WWO_CONTRAST 
WAL_MRI_TMJS 
